// Jest Snapshot v1, https://goo.gl/fbAQLP

exports[`snapshot test 1`] = `
<div
  className="container"
>
  <div>
    <table
      className="table"
    >
      <thead>
        <tr
          className="table__line table__line--unstyle"
        >
          <td>
            ID
          </td>
          <td>
            Name
          </td>
          <td>
            City
          </td>
          <td>
            Phone
          </td>
          <td>
            Detail
          </td>
          <td
            className="last-item"
          >
            Sil
          </td>
        </tr>
      </thead>
      <tbody>
        <tr
          className="table__line"
        >
          <td>
            2
          </td>
          <td>
            Scarlet
          </td>
          <td>
            Chełm
          </td>
          <td>
            (979) 486-1932
          </td>
          <td>
            <button
              onClick={[Function]}
            >
              Detail
            </button>
          </td>
          <td
            className="last-item"
          >
            <button
              onClick={[Function]}
            >
              Sil
            </button>
          </td>
        </tr>
        <tr
          className="table__line"
        >
          <td>
            3
          </td>
          <td>
            Adria
          </td>
          <td>
            Wardha
          </td>
          <td>
            (573) 685-8350
          </td>
          <td>
            <button
              onClick={[Function]}
            >
              Detail
            </button>
          </td>
          <td
            className="last-item"
          >
            <button
              onClick={[Function]}
            >
              Sil
            </button>
          </td>
        </tr>
        <tr
          className="table__line"
        >
          <td>
            5
          </td>
          <td>
            Madeson
          </td>
          <td>
            Gönen
          </td>
          <td>
            (755) 968-6539
          </td>
          <td>
            <button
              onClick={[Function]}
            >
              Detail
            </button>
          </td>
          <td
            className="last-item"
          >
            <button
              onClick={[Function]}
            >
              Sil
            </button>
          </td>
        </tr>
        <tr
          className="table__line"
        >
          <td>
            7
          </td>
          <td>
            Celeste
          </td>
          <td>
            Louvain-la-Neuve
          </td>
          <td>
            (896) 297-6568
          </td>
          <td>
            <button
              onClick={[Function]}
            >
              Detail
            </button>
          </td>
          <td
            className="last-item"
          >
            <button
              onClick={[Function]}
            >
              Sil
            </button>
          </td>
        </tr>
        <tr
          className="table__line"
        >
          <td>
            10
          </td>
          <td>
            Madaline
          </td>
          <td>
            Middelburg
          </td>
          <td>
            (450) 579-0491
          </td>
          <td>
            <button
              onClick={[Function]}
            >
              Detail
            </button>
          </td>
          <td
            className="last-item"
          >
            <button
              onClick={[Function]}
            >
              Sil
            </button>
          </td>
        </tr>
        <tr
          className="table__line"
        >
          <td>
            11
          </td>
          <td>
            Chandler
          </td>
          <td>
            Birecik
          </td>
          <td>
            (111) 162-2502
          </td>
          <td>
            <button
              onClick={[Function]}
            >
              Detail
            </button>
          </td>
          <td
            className="last-item"
          >
            <button
              onClick={[Function]}
            >
              Sil
            </button>
          </td>
        </tr>
        <tr
          className="table__line"
        >
          <td>
            17
          </td>
          <td>
            Justine
          </td>
          <td>
            Roubaix
          </td>
          <td>
            (407) 519-9894
          </td>
          <td>
            <button
              onClick={[Function]}
            >
              Detail
            </button>
          </td>
          <td
            className="last-item"
          >
            <button
              onClick={[Function]}
            >
              Sil
            </button>
          </td>
        </tr>
        <tr
          className="table__line"
        >
          <td>
            21
          </td>
          <td>
            Iris
          </td>
          <td>
            Pointe-au-Pic
          </td>
          <td>
            (601) 944-5214
          </td>
          <td>
            <button
              onClick={[Function]}
            >
              Detail
            </button>
          </td>
          <td
            className="last-item"
          >
            <button
              onClick={[Function]}
            >
              Sil
            </button>
          </td>
        </tr>
        <tr
          className="table__line"
        >
          <td>
            25
          </td>
          <td>
            Leo
          </td>
          <td>
            Joliet
          </td>
          <td>
            (964) 413-7033
          </td>
          <td>
            <button
              onClick={[Function]}
            >
              Detail
            </button>
          </td>
          <td
            className="last-item"
          >
            <button
              onClick={[Function]}
            >
              Sil
            </button>
          </td>
        </tr>
        <tr
          className="table__line"
        >
          <td>
            60
          </td>
          <td>
            Zelenia
          </td>
          <td>
            Ahmadpur East
          </td>
          <td>
            (397) 265-7757
          </td>
          <td />
          <td
            className="last-item"
          >
            <button
              onClick={[Function]}
            >
              Sil
            </button>
          </td>
        </tr>
        <tr
          className="table__line"
        >
          <td>
            68
          </td>
          <td>
            Wyatt
          </td>
          <td>
            Villers-la-Bonne-Eau
          </td>
          <td>
            (807) 949-9083
          </td>
          <td />
          <td
            className="last-item"
          >
            <button
              onClick={[Function]}
            >
              Sil
            </button>
          </td>
        </tr>
        <tr
          className="table__line"
        >
          <td>
            69
          </td>
          <td>
            Aidan
          </td>
          <td>
            Poggiodomo
          </td>
          <td>
            (515) 371-8783
          </td>
          <td />
          <td
            className="last-item"
          >
            <button
              onClick={[Function]}
            >
              Sil
            </button>
          </td>
        </tr>
        <tr
          className="table__line"
        >
          <td>
            72
          </td>
          <td>
            Morgan
          </td>
          <td>
            Kukatpalle
          </td>
          <td>
            (134) 258-4612
          </td>
          <td>
            <button
              onClick={[Function]}
            >
              Detail
            </button>
          </td>
          <td
            className="last-item"
          >
            <button
              onClick={[Function]}
            >
              Sil
            </button>
          </td>
        </tr>
        <tr
          className="table__line"
        >
          <td>
            77
          </td>
          <td>
            Ethan
          </td>
          <td>
            Bregenz
          </td>
          <td>
            (430) 230-5837
          </td>
          <td />
          <td
            className="last-item"
          >
            <button
              onClick={[Function]}
            >
              Sil
            </button>
          </td>
        </tr>
        <tr
          className="table__line"
        >
          <td>
            78
          </td>
          <td>
            Madeline
          </td>
          <td>
            Shahjahanpur
          </td>
          <td>
            (953) 595-4023
          </td>
          <td />
          <td
            className="last-item"
          >
            <button
              onClick={[Function]}
            >
              Sil
            </button>
          </td>
        </tr>
        <tr
          className="table__line"
        >
          <td>
            80
          </td>
          <td>
            Quinlan
          </td>
          <td>
            Arnhem
          </td>
          <td>
            (546) 698-1207
          </td>
          <td />
          <td
            className="last-item"
          >
            <button
              onClick={[Function]}
            >
              Sil
            </button>
          </td>
        </tr>
        <tr
          className="table__line"
        >
          <td>
            84
          </td>
          <td>
            Upton
          </td>
          <td>
            Wolfsburg
          </td>
          <td>
            (861) 753-8646
          </td>
          <td />
          <td
            className="last-item"
          >
            <button
              onClick={[Function]}
            >
              Sil
            </button>
          </td>
        </tr>
        <tr
          className="table__line"
        >
          <td>
            97
          </td>
          <td>
            Maxwell
          </td>
          <td>
            St. Catharines
          </td>
          <td>
            (636) 383-2370
          </td>
          <td />
          <td
            className="last-item"
          >
            <button
              onClick={[Function]}
            >
              Sil
            </button>
          </td>
        </tr>
        <tr
          className="table__line"
        >
          <td>
            99
          </td>
          <td>
            Byron
          </td>
          <td>
            Goderich
          </td>
          <td>
            (336) 239-7842
          </td>
          <td />
          <td
            className="last-item"
          >
            <button
              onClick={[Function]}
            >
              Sil
            </button>
          </td>
        </tr>
        <tr
          className="table__line"
        >
          <td>
            100
          </td>
          <td>
            Bryar
          </td>
          <td>
            St. Ives
          </td>
          <td>
            (714) 477-8291
          </td>
          <td />
          <td
            className="last-item"
          >
            <button
              onClick={[Function]}
            >
              Sil
            </button>
          </td>
        </tr>
      </tbody>
    </table>
  </div>
</div>
`;
